<html>
<body>
<pre>
<h1>µVision Build Log</h1>
<h2>Project:</h2>
C:\Users\student\Desktop\ESlab\week4\week4.uvproj
Project File Date:  02/24/2023

<h2>Output:</h2>
Build target 'Target 1'
assembling q3.s...
q3.s(53): warning: A1581W: Added 2 bytes of padding at address 0x76
linking...
Program Size: Code=148 RO-data=8 RW-data=8 ZI-data=0  
".\week4.axf" - 0 Error(s), 1 Warning(s).
</pre>
</body>
</html>
o list image symbols.
Not enough information to list the image map.
Finished: 2 information, 0 warning and 2 error messages.
".\week4.axf" - 2 Error(s), 0 Warning(s).
Target not created
d file 'C:\Users\student\Desktop\ESlab\week4\week4.axf'. Debugger aborted !
