<html>
<body>
<pre>
<h1>µVision Build Log</h1>
<h2>Project:</h2>
C:\Users\student\Documents\210905284\Week06\q1\lab.uvproj
Project File Date:  03/31/2023

<h2>Output:</h2>
Build target 'Target 1'
compiling up.c...
linking...
Program Size: Code=1216 RO-data=236 RW-data=4 ZI-data=612  
FromELF: creating hex file...
".\lab.axf" - 0 Error(s), 0 Warning(s).
ode=1380 RO-data=236 RW-data=16 ZI-data=608  
FromELF: creating hex file...
".\lab.axf" - 0 Error(s), 1 Warning(s).
Error(s), 1 Warning(s).
